★ eas-cli@16.28.0 is now available.
To upgrade, run:
npm install -g eas-cli
Proceeding with outdated version.

An Expo user account is required to proceed.
Either log in with eas login or set the EXPO_TOKEN environment variable if you're using EAS CLI on CI (Learn more: https://docs.expo.dev/accounts/programmatic-access/)
    Error: build command failed.
